PS D:\侍エンジニア\Git_GitHub> mkdir git_challenge


    ディレクトリ: D:\侍エンジニア\Git_GitHub


Mode                 LastWriteTime         Length Name
----                 -------------         ------ ----
d-----        2026/02/18      0:22                git_challenge


PS D:\侍エンジニア\Git_GitHub> cd git_challenge
PS D:\侍エンジニア\Git_GitHub\git_challenge> git init
Initialized empty Git repository in D:/侍エンジニア/Git_GitHub/git_challenge/.git/
PS D:\侍エンジニア\Git_GitHub\git_challenge> echo "Hello, world!" >> hello_world.txt
PS D:\侍エンジニア\Git_GitHub\git_challenge> git add .
PS D:\侍エンジニア\Git_GitHub\git_challenge> git commit -m hello_world.txtを追加
[main (root-commit) ce44f39] hello_world.txtを追加
 1 file changed, 0 insertions(+), 0 deletions(-)
 create mode 100644 hello_world.txt
PS D:\侍エンジニア\Git_GitHub\git_challenge> echo "こんにちは、世界" >> hello_world.txt
PS D:\侍エンジニア\Git_GitHub\git_challenge> git add .
PS D:\侍エンジニア\Git_GitHub\git_challenge> git commit -m 日本語訳を追記
[main f5ed028] 日本語訳を追記
 1 file changed, 0 insertions(+), 0 deletions(-)
PS D:\侍エンジニア\Git_GitHub\git_challenge> git log --oneline
f5ed028 (HEAD -> main) 日本語訳を追記
ce44f39 hello_world.txtを追加