PS D:\侍エンジニア\Git_GitHub> mkdir git_challenge


    ディレクトリ: D:\侍エンジニア\Git_GitHub


Mode                 LastWriteTime         Length Name
----                 -------------         ------ ----
d-----        2026/02/17     23:49                git_challenge


PS D:\侍エンジニア\Git_GitHub> cd git_challenge
PS D:\侍エンジニア\Git_GitHub\git_challenge> git init
Initialized empty Git repository in D:/侍エンジニア/Git_GitHub/git_challenge/.git/
PS D:\侍エンジニア\Git_GitHub\git_challenge> git add .
PS D:\侍エンジニア\Git_GitHub\git_challenge> git commit -m hello_world.txtを追加
[main (root-commit) e5193a3] hello_world.txtを追加
 1 file changed, 1 insertion(+)
 create mode 100644 hello_world.txt
PS D:\侍エンジニア\Git_GitHub\git_challenge> git add .
PS D:\侍エンジニア\Git_GitHub\git_challenge> git commit -m 日本語訳を追記
[main e7a5f85] 日本語訳を追記
 1 file changed, 2 insertions(+), 1 deletion(-)
PS D:\侍エンジニア\Git_GitHub\git_challenge> git log --oneline
e7a5f85 (HEAD -> main) 日本語訳を追記
e5193a3 hello_world.txtを追加